../Drivers/CMSIS/Include/core_cm4.h:1938:34:__NVIC_SystemReset	4	static,ignoring_inline_asm
../Core/Src/main.c:28:5:__io_putchar	16	static
../Core/Src/main.c:41:13:leds_all_off	8	static
../Core/Src/main.c:46:13:set_single_led	16	static
../Core/Src/main.c:59:6:HAL_UART_RxCpltCallback	24	static
../Core/Src/main.c:82:6:HAL_UART_ErrorCallback	24	static
../Core/Src/main.c:92:5:main	144	static
../Core/Src/main.c:152:6:SystemClock_Config	88	static
../Core/Src/main.c:177:13:MX_USART2_UART_Init	16	static
../Core/Src/main.c:198:13:MX_GPIO_Init	40	static
../Core/Src/main.c:228:6:Error_Handler	4	static,ignoring_inline_asm
